
> flash-ecommerce@0.1.0 build
> next build

Γû▓ Next.js 16.1.6 (Turbopack)
- Environments: .env.local
- Experiments (use with caution):
  ┬╖ optimizePackageImports

  Creating an optimized production build ...
Γ£ô Compiled successfully in 80s
  Running TypeScript ...
node.exe : Failed to compile.
At line:1 char:1
+ & "C:\Program Files\nodejs/node.exe" 
"C:\Users\rjsan\AppData\Roaming\ ...
+ ~~~~~~~~~~~~~~~~~~~~~~~~~~~~~~~~~~~~~~~~
~~~~~~~~~~~~~~~~~~~~~~~~~~~~~
    + CategoryInfo          : 
NotSpecified: (Failed to compile.:Strin   
 g) [], RemoteException
    + FullyQualifiedErrorId : 
NativeCommandError
 

.next/dev/types/routes.d.ts:140:20
Type error: ';' expected.

[0m [90m 138 |[39m   }
 [90m 139 |[39m }
[31m[1m>[22m[39m[90m 140 |[39m 
extRequest[33m,[39m context[33m:[39m 
[33mRouteContext[39m[33m<[39m[32m'/api
/users/[id]'[39m[33m>[39m) {
 [90m     |[39m                    
[31m[1m^[22m[39m
 [90m 141 |[39m    [33m*[39m   
[36mconst[39m { id } [33m=[39m 
[36mawait[39m context[33m.[39mparams
 [90m 142 |[39m    [33m*[39m   
[36mreturn[39m 
[33mResponse[39m[33m.[39mjson({ id })
 [90m 143 |[39m    [33m*[39m }[0m
Next.js build worker exited with code: 1 
and signal: null
