
> flash-ecommerce@0.1.0 build
> next build

Γû▓ Next.js 16.1.6 (Turbopack)
- Environments: .env.local
- Experiments (use with caution):
  ┬╖ optimizePackageImports
  ┬╖ serverActions

  Creating an optimized production build ...
Γ£ô Compiled successfully in 61s
  Running TypeScript ...
node.exe : Failed to compile.
At line:1 char:1
+ & "C:\Program 
Files\nodejs/node.exe" "C:\Users
\rjsan\AppData\Roaming\ ...
+ ~~~~~~~~~~~~~~~~~~~~~~~~~~~~~~
~~~~~~~~~~~~~~~~~~~~~~~~~~~~~~~~
~~~~~~~
    + CategoryInfo          : N 
   otSpecified: (Failed to com  
  pile.:String) [], RemoteExc   
 eption
    + FullyQualifiedErrorId : N 
   ativeCommandError
 

./components/admin/categories/ca
tegory-form.tsx:85:76
Type error: Expected 1-2 
arguments, but got 3.

[0m [90m 83 |[39m       
[36mconst[39m { 
uploadOptimizedImage } 
[33m=[39m
 [90m 84 |[39m         
[36mawait[39m [36mimport[39m
([32m"@/app/actions/upload-imag
es"[39m)[33m;[39m
[31m[1m>[22m[39m[90m 85 
|[39m       [36mconst[39m 
urls [33m=[39m 
[36mawait[39m uploadOptimizedI
mage(formData[33m,[39m [32m"c
ategory-images"[39m[33m,[39m 
{
 [90m    |[39m                
                                
                            
[31m[1m^[22m[39m
 [90m 86 |[39m         
generateVariants[33m:[39m 
[36mfalse[39m[33m,[39m 
[90m// Categories usually just 
need one high-res optimized 
image[39m
 [90m 87 |[39m         
maxWidth[33m:[39m 
[35m1200[39m[33m,[39m
 [90m 88 |[39m       
})[33m;[39m[0m
Next.js build worker exited 
with code: 1 and signal: null
